
R version 3.0.2 (2013-09-25) -- "Frisbee Sailing"
Copyright (C) 2013 The R Foundation for Statistical Computing
Platform: x86_64-apple-darwin10.8.0 (64-bit)

R is free software and comes with ABSOLUTELY NO WARRANTY.
You are welcome to redistribute it under certain conditions.
Type 'license()' or 'licence()' for distribution details.

  Natural language support but running in an English locale

R is a collaborative project with many contributors.
Type 'contributors()' for more information and
'citation()' on how to cite R or R packages in publications.

Type 'demo()' for some demos, 'help()' for on-line help, or
'help.start()' for an HTML browser interface to help.
Type 'q()' to quit R.

[R.app GUI 1.62 (6558) x86_64-apple-darwin10.8.0]

[Workspace restored from /Users/zahidpanjwani/.RData]
[History restored from /Users/zahidpanjwani/.Rapp.history]

> rfFit1 <- train(cost ~ ., data = data.train,
+                  method = "rf",
+                  trControl = fitControl,
+                  ## This last option is actually one
+                  ## for gbm() that passes through
+                  )
Error: could not find function "train"
> library(caret)
Loading required package: lattice
Loading required package: ggplot2
Use suppressPackageStartupMessages to eliminate package startup messages.
> 
> merged = read.csv("/Users/zahidpanjwani/Desktop/Code/Kaggle/tube-prediction/competition_data/merged.csv")
> data2 = read.csv("/Users/zahidpanjwani/Desktop/Code/Kaggle/tube-prediction/competition_data/tube_end_form.csv")
> 
> merged = merge(merged,data2,by.x='end_a',by.y='end_form_id',all.x=TRUE)
> merged = merge(merged,data2,by.x='end_x',by.y='end_form_id',all.x=TRUE)
> 
> 
> drop_null <- function(df,cutoff){
+ 	rows <- nrow(df)
+ 	for (i in colnames(df)){
+ 		if(sum(is.na(df[,i]))/rows>cutoff){
+ 			df = df[,!colnames(df) %in% i]
+ 		}
+ 		
+ 	}
+ 	return(df)
+ }
> 
> merged_nonnull <- drop_null(merged,0.8)
> 
> varsToDrop = c('component_id_4','component_id_5','component_id_6','component_id_7','component_id_8')
> 
> merged_nn= merged_nonnull[,!colnames(merged_nonnull) %in% varsToDrop]
> 
> 
> nzv = nearZeroVar(merged_nn)
> merged_nzv = merged_nn[,-nzv]
> 
> sapply(merged_nzv,nlevels)
             end_x              end_a                  X   tube_assembly_id 
                24                 25                  0               8855 
          supplier         quote_date       annual_usage min_order_quantity 
                57               1781                  0                  0 
   bracket_pricing           quantity               cost     component_id_1 
                 2                  0                  0                643 
        quantity_1     component_id_2         quantity_2        material_id 
                 0                453                  0                 18 
          diameter               wall             length          num_bends 
                 0                  0                  0                  0 
       bend_radius           end_a_2x           end_x_2x          forming.x 
                 0                  2                  2                  2 
         forming.y 
                 2 
> 
> varsToDrop2 = c('tube_assembly_id','quote_date','component_id_5','component_id_6')
> 
> merged_final= merged_nzv[,!colnames(merged_nzv) %in% varsToDrop2]
> 
> 
> set.seed(346)
> 
> trainIndex = createDataPartition(merged_final$cost, p=0.8,list = FALSE,times = 1)
> 
> 
> data.train= merged_final[trainIndex,]
> data.test= merged_final[-trainIndex,]
> 
> 
> 
> 
> 
> 
> fitControl = trainControl(method='repeatedcv',
+ 							number=3,
+ 							repeats=2)
> 							
> rfFit1 <- train(cost ~ ., data = data.train,
+                  method = "rf",
+                  trControl = fitControl,
+                  ## This last option is actually one
+                  ## for gbm() that passes through
+                  )
Loading required package: randomForest
randomForest 4.6-10
Type rfNews() to see new features/changes/bug fixes.
Error in is.null(preProcess) : 'preProcess' is missing
> 
> 
> 
> 
> 
> 
> gbmFit1 <- train(cost ~ ., data = data.train,
+                  method = "gbm",
+                  trControl = fitControl,
+                  ## This last option is actually one
+                  ## for gbm() that passes through
+                  )
Loading required package: gbm
Loading required package: survival
Loading required package: splines

Attaching package: ‘survival’

The following object is masked from ‘package:caret’:

    cluster

Loading required package: parallel
Loaded gbm 2.1.1
Loading required package: plyr
Error in is.null(preProcess) : 'preProcess' is missing
> library(caret)
> fitControl = trainControl(method='repeatedcv',
+ 							number=3,
+ 							repeats=2)
> gbmFit1 <- train(cost ~ ., data = data.train,
+                  method = "gbm",
+                  trControl = fitControl,
+                  ## This last option is actually one
+                  ## for gbm() that passes through
+                  )
Error in is.null(preProcess) : 'preProcess' is missing
> gbmFit1 <- train(cost ~ ., data = data.train,
+                  method = "gbm",
+                  trControl = fitControl
+                  ## This last option is actually one
+                  ## for gbm() that passes through
+                  )
Iter   TrainDeviance   ValidDeviance   StepSize   Improve
     1      643.5976             nan     0.1000   29.9996
     2      615.5360             nan     0.1000   21.7559
     3      595.1469             nan     0.1000   14.2840
     4      573.3462             nan     0.1000   20.1118
     5      557.0933             nan     0.1000   12.4465
     6      541.4640             nan     0.1000   14.7743
     7      527.1362             nan     0.1000   11.8794
     8      514.5709             nan     0.1000    8.7101
     9      505.8826             nan     0.1000    4.3124
    10      495.9150             nan     0.1000   10.1568
    20      428.5309             nan     0.1000    5.1310
    40      370.2274             nan     0.1000    1.7487
    60      350.5737             nan     0.1000   -0.6807
    80      341.0813             nan     0.1000   -1.1844
   100      330.1890             nan     0.1000   -1.6688
   120      321.2869             nan     0.1000   -1.2795
   140      314.4708             nan     0.1000    0.5178
   150      312.0160             nan     0.1000    0.4378

Iter   TrainDeviance   ValidDeviance   StepSize   Improve
     1      632.1291             nan     0.1000   20.6500
     2      591.5071             nan     0.1000   23.4698
     3      561.4298             nan     0.1000   18.1427
     4      534.0077             nan     0.1000   15.1611
     5      507.7244             nan     0.1000   25.0020
     6      489.6594             nan     0.1000   19.8130
     7      475.7029             nan     0.1000   13.1757
     8      459.7761             nan     0.1000    6.8422
     9      440.8765             nan     0.1000   12.1457
    10      426.6552             nan     0.1000   15.3782
    20      335.9701             nan     0.1000    3.8969
    40      263.8537             nan     0.1000    2.6005
    60      235.9176             nan     0.1000   -2.3019
    80      221.4744             nan     0.1000   -0.1256
   100      212.6143             nan     0.1000   -1.1922
   120      203.2826             nan     0.1000   -0.4063
   140      196.9340             nan     0.1000   -0.7872
   150      192.2213             nan     0.1000   -0.3378

Iter   TrainDeviance   ValidDeviance   StepSize   Improve
     1      627.1240             nan     0.1000   42.6437
     2      584.9925             nan     0.1000   33.9067
     3      551.4045             nan     0.1000   29.3878
     4      514.7835             nan     0.1000   23.8826
     5      488.1162             nan     0.1000   24.2063
     6      464.1521             nan     0.1000   24.2320
     7      442.1447             nan     0.1000   19.0044
     8      420.7882             nan     0.1000   15.4833
     9      402.9843             nan     0.1000   13.0358
    10      386.3744             nan     0.1000   15.8296
    20      290.9017             nan     0.1000    2.1142
    40      213.8416             nan     0.1000   -2.0091
    60      179.8335             nan     0.1000   -0.6530
    80      168.8253             nan     0.1000   -0.5038
   100      160.8422             nan     0.1000   -2.0218
   120      151.4312             nan     0.1000   -0.1836
   140      144.3610             nan     0.1000   -0.2912
   150      141.2616             nan     0.1000   -1.0326

Iter   TrainDeviance   ValidDeviance   StepSize   Improve
     1      668.1715             nan     0.1000   33.9022
     2      641.6922             nan     0.1000   26.2018
     3      628.4710             nan     0.1000    8.4406
     4      608.7264             nan     0.1000   11.9771
     5      588.7254             nan     0.1000   18.6530
     6      572.8814             nan     0.1000   13.8062
     7      557.0916             nan     0.1000   12.1299
     8      544.2943             nan     0.1000   11.9502
     9      531.2261             nan     0.1000   12.3713
    10      519.9509             nan     0.1000    6.6738
    20      449.7244             nan     0.1000    6.0293
    40      388.4380             nan     0.1000    1.8309
    60      364.9892             nan     0.1000    1.1492
    80      349.7437             nan     0.1000    0.2098
   100      339.1161             nan     0.1000   -1.6502
   120      333.9975             nan     0.1000   -2.0685
   140      329.8128             nan     0.1000    0.4332
   150      327.1457             nan     0.1000   -0.4819

Iter   TrainDeviance   ValidDeviance   StepSize   Improve
     1      658.5113             nan     0.1000   41.7457
     2      626.4831             nan     0.1000   35.1731
     3      596.7840             nan     0.1000   24.3363
     4      571.4401             nan     0.1000   21.5052
     5      551.6005             nan     0.1000   17.9708
     6      532.3366             nan     0.1000   18.3503
     7      517.6991             nan     0.1000   11.6341
     8      500.9982             nan     0.1000   13.4925
     9      484.5090             nan     0.1000   16.3732
    10      466.9149             nan     0.1000   14.6866
    20      371.0878             nan     0.1000    5.3100
    40      284.8901             nan     0.1000    0.2016
    60      247.0193             nan     0.1000    2.0212
    80      229.9883             nan     0.1000   -0.3861
   100      218.5294             nan     0.1000   -0.0682
   120      211.4915             nan     0.1000   -2.4807
   140      203.2972             nan     0.1000   -0.4283
   150      199.8984             nan     0.1000   -0.4875

Iter   TrainDeviance   ValidDeviance   StepSize   Improve
     1      645.6819             nan     0.1000   49.5693
     2      600.9403             nan     0.1000   40.3671
     3      556.7976             nan     0.1000   36.9544
     4      525.4580             nan     0.1000   21.3186
     5      487.0973             nan     0.1000   33.4349
     6      462.4253             nan     0.1000   22.6761
     7      445.4817             nan     0.1000   18.6833
     8      427.1773             nan     0.1000   12.5827
     9      409.8422             nan     0.1000   11.7468
    10      394.6162             nan     0.1000   14.1755
    20      299.4302             nan     0.1000    7.1839
    40      221.9228             nan     0.1000    0.7435
    60      187.9949             nan     0.1000   -0.6056
    80      168.0186             nan     0.1000   -1.2836
   100      160.2268             nan     0.1000   -0.8871
   120      151.1523             nan     0.1000   -0.5895
   140      145.7593             nan     0.1000   -1.9072
   150      143.2285             nan     0.1000   -0.6749

Iter   TrainDeviance   ValidDeviance   StepSize   Improve
     1      792.9624             nan     0.1000   37.2240
     2      762.5436             nan     0.1000   29.7407
     3      732.2905             nan     0.1000   19.8379
     4      712.1573             nan     0.1000   19.1359
     5      688.1024             nan     0.1000   19.5712
     6      671.7786             nan     0.1000   17.5462
     7      653.6125             nan     0.1000   13.4792
     8      637.6299             nan     0.1000   20.3676
     9      625.7677             nan     0.1000    8.2593
    10      607.0913             nan     0.1000    6.4136
    20      526.5156             nan     0.1000    5.3021
    40      456.1820             nan     0.1000   -0.1541
    60      429.0143             nan     0.1000   -0.2027
    80      414.1655             nan     0.1000   -3.6780
   100      400.9933             nan     0.1000    0.0515
   120      393.1600             nan     0.1000   -2.8925
   140      388.0972             nan     0.1000   -1.4122
   150      387.7174             nan     0.1000   -0.7494

Iter   TrainDeviance   ValidDeviance   StepSize   Improve
     1      772.7309             nan     0.1000   48.1478
     2      724.9089             nan     0.1000   48.9565
     3      693.7680             nan     0.1000   34.5867
     4      660.2625             nan     0.1000   32.4242
     5      627.6019             nan     0.1000   25.5619
     6      600.4137             nan     0.1000   26.3087
     7      576.5539             nan     0.1000   12.0819
     8      555.6965             nan     0.1000   16.3709
     9      533.5101             nan     0.1000   22.7376
    10      517.8884             nan     0.1000   10.4349
    20      391.2323             nan     0.1000    2.0021
    40      292.2532             nan     0.1000    1.5576
    60      249.9965             nan     0.1000    0.8412
    80      227.9816             nan     0.1000   -0.3867
   100      218.8189             nan     0.1000   -1.1983
   120      211.5110             nan     0.1000   -1.4325
   140      201.5845             nan     0.1000    0.3473
   150      198.5367             nan     0.1000    0.0465

Iter   TrainDeviance   ValidDeviance   StepSize   Improve
     1      789.8855             nan     0.1000   47.5034
     2      731.1682             nan     0.1000   45.7066
     3      672.7272             nan     0.1000   62.0536
     4      636.0113             nan     0.1000   31.7684
     5      603.9837             nan     0.1000   25.6723
     6      572.4844             nan     0.1000   26.8365
     7      538.6666             nan     0.1000   32.5509
     8      516.5579             nan     0.1000   21.9520
     9      495.8434             nan     0.1000   21.7229
    10      471.4873             nan     0.1000   18.4657
    20      350.3409             nan     0.1000    7.3549
    40      263.9755             nan     0.1000    1.3756
    60      217.6799             nan     0.1000   -0.2042
    80      200.3193             nan     0.1000    0.0024
   100      186.5595             nan     0.1000   -0.3143
   120      177.8166             nan     0.1000   -0.5067
   140      171.6034             nan     0.1000   -0.8329
   150      167.5924             nan     0.1000   -1.3359

Iter   TrainDeviance   ValidDeviance   StepSize   Improve
     1      769.9971             nan     0.1000   34.8374
     2      741.6143             nan     0.1000   27.7880
     3      720.8935             nan     0.1000   23.3393
     4      705.2128             nan     0.1000   13.5467
     5      675.4029             nan     0.1000   16.3902
     6      656.0458             nan     0.1000    9.1105
     7      641.1201             nan     0.1000   14.9879
     8      628.2912             nan     0.1000   13.2532
     9      618.6147             nan     0.1000    9.0606
    10      608.7162             nan     0.1000   10.7692
    20      517.3277             nan     0.1000    6.6160
    40      440.8647             nan     0.1000    2.1535
    60      417.9224             nan     0.1000    0.9766
    80      401.0308             nan     0.1000    1.0022
   100      391.3287             nan     0.1000   -1.1406
   120      384.0638             nan     0.1000   -0.2044
   140      379.3472             nan     0.1000   -3.1391
   150      376.8780             nan     0.1000    0.5973

Iter   TrainDeviance   ValidDeviance   StepSize   Improve
     1      758.1432             nan     0.1000   40.3977
     2      722.4363             nan     0.1000   41.2561
     3      692.3261             nan     0.1000   29.9513
     4      666.1306             nan     0.1000   24.4523
     5      635.3867             nan     0.1000   28.2259
     6      612.9886             nan     0.1000   19.1219
     7      581.7956             nan     0.1000   23.1281
     8      556.8086             nan     0.1000   21.7930
     9      537.1036             nan     0.1000   19.3068
    10      522.5355             nan     0.1000   13.7751
    20      419.0539             nan     0.1000    4.3788
    40      310.1556             nan     0.1000    2.0866
    60      278.2147             nan     0.1000   -1.4390
    80      259.4753             nan     0.1000    1.5871
   100      246.9985             nan     0.1000   -0.5667
   120      237.5429             nan     0.1000   -2.6869
   140      228.9550             nan     0.1000   -1.7126
   150      225.7862             nan     0.1000   -1.4977

Iter   TrainDeviance   ValidDeviance   StepSize   Improve
     1      747.4033             nan     0.1000   56.8100
     2      693.5160             nan     0.1000   55.7355
     3      647.8188             nan     0.1000   38.5361
     4      614.0571             nan     0.1000   31.0077
     5      581.8811             nan     0.1000   27.9021
     6      549.3604             nan     0.1000   14.2216
     7      522.2443             nan     0.1000   17.1892
     8      496.9390             nan     0.1000   18.0811
     9      476.0227             nan     0.1000   15.7168
    10      457.0387             nan     0.1000   17.2948
    20      350.9349             nan     0.1000    4.9300
    40      252.0884             nan     0.1000    4.0138
    60      221.9892             nan     0.1000   -0.7315
    80      207.3992             nan     0.1000   -1.0007
   100      194.3936             nan     0.1000   -0.7795
   120      185.9227             nan     0.1000   -0.0036
   140      176.6574             nan     0.1000   -3.6239
   150      173.7669             nan     0.1000   -0.2325

Iter   TrainDeviance   ValidDeviance   StepSize   Improve
     1      541.9966             nan     0.1000   21.5037
     2      523.1397             nan     0.1000   19.8156
     3      508.9133             nan     0.1000   17.1381
     4      494.0935             nan     0.1000    9.6165
     5      480.3825             nan     0.1000   13.4609
     6      467.8556             nan     0.1000   10.1109
     7      457.7041             nan     0.1000   10.6869
     8      445.4529             nan     0.1000   11.0520
     9      435.6440             nan     0.1000    9.6264
    10      426.1842             nan     0.1000    7.8085
    20      364.7348             nan     0.1000    3.2490
    40      316.0772             nan     0.1000    1.3305
    60      297.8913             nan     0.1000   -0.8453
    80      284.1619             nan     0.1000    0.7359
   100      274.7611             nan     0.1000    0.4909
   120      269.5546             nan     0.1000   -0.1072
   140      264.3032             nan     0.1000   -0.1430
   150      262.6691             nan     0.1000   -0.6512

Iter   TrainDeviance   ValidDeviance   StepSize   Improve
     1      534.4658             nan     0.1000   35.5028
     2      506.8765             nan     0.1000   22.0700
     3      478.5464             nan     0.1000   20.6540
     4      457.3704             nan     0.1000   20.5908
     5      437.8533             nan     0.1000   19.5489
     6      420.0802             nan     0.1000   13.5010
     7      406.2521             nan     0.1000   13.0460
     8      391.9251             nan     0.1000   13.8840
     9      377.5040             nan     0.1000   11.1409
    10      366.3275             nan     0.1000    8.8867
    20      294.0567             nan     0.1000    3.3077
    40      235.3357             nan     0.1000   -0.3194
    60      203.0024             nan     0.1000    0.7306
    80      186.1361             nan     0.1000   -1.0261
   100      177.4113             nan     0.1000   -0.5600
   120      168.8561             nan     0.1000   -1.2442
   140      160.1799             nan     0.1000   -0.7085
   150      158.7665             nan     0.1000    0.4833

Iter   TrainDeviance   ValidDeviance   StepSize   Improve
     1      525.0338             nan     0.1000   35.3638
     2      487.3057             nan     0.1000   33.7299
     3      459.7655             nan     0.1000   19.4764
     4      433.7229             nan     0.1000   19.5502
     5      410.5669             nan     0.1000    9.7688
     6      388.7098             nan     0.1000   14.8606
     7      370.9960             nan     0.1000   10.4312
     8      357.1733             nan     0.1000   14.7235
     9      342.0262             nan     0.1000    9.3082
    10      329.4526             nan     0.1000    7.3853
    20      252.3637             nan     0.1000    6.1370
    40      187.3593             nan     0.1000    1.9614
    60      159.8710             nan     0.1000   -0.0915
    80      142.3791             nan     0.1000    0.0432
   100      135.2096             nan     0.1000   -0.4258
   120      128.3270             nan     0.1000   -0.6854
   140      121.3546             nan     0.1000    0.1872
   150      120.4201             nan     0.1000   -0.3697

Iter   TrainDeviance   ValidDeviance   StepSize   Improve
     1      791.4970             nan     0.1000   30.7440
     2      761.9862             nan     0.1000   32.1680
     3      737.5681             nan     0.1000   29.4614
     4      711.4584             nan     0.1000   26.2057
     5      684.7539             nan     0.1000   14.5744
     6      662.6029             nan     0.1000   20.7246
     7      648.9867             nan     0.1000    6.9815
     8      630.9243             nan     0.1000   14.1220
     9      617.6550             nan     0.1000    8.2045
    10      604.4384             nan     0.1000    8.6639
    20      518.1566             nan     0.1000    1.1763
    40      450.1143             nan     0.1000    0.2139
    60      424.0584             nan     0.1000    0.5103
    80      407.3031             nan     0.1000   -0.9360
   100      395.8547             nan     0.1000    0.6894
   120      384.4540             nan     0.1000   -1.7206
   140      377.5527             nan     0.1000   -0.5735
   150      374.5025             nan     0.1000   -0.6460

Iter   TrainDeviance   ValidDeviance   StepSize   Improve
     1      770.9149             nan     0.1000   48.6816
     2      724.9142             nan     0.1000   49.4119
     3      686.7231             nan     0.1000   44.2805
     4      646.4603             nan     0.1000   21.6448
     5      609.8493             nan     0.1000   16.0985
     6      585.1753             nan     0.1000   19.9599
     7      558.8339             nan     0.1000   14.7217
     8      541.6257             nan     0.1000    9.8529
     9      520.1068             nan     0.1000   11.1992
    10      501.9694             nan     0.1000   12.3498
    20      390.3913             nan     0.1000    5.0072
    40      298.9276             nan     0.1000    0.8438
    60      264.8532             nan     0.1000   -2.3720
    80      246.3252             nan     0.1000   -1.3717
   100      234.6049             nan     0.1000   -0.3281
   120      222.7038             nan     0.1000    0.5967
   140      215.1067             nan     0.1000   -1.6040
   150      212.1693             nan     0.1000    0.5285

Iter   TrainDeviance   ValidDeviance   StepSize   Improve
     1      759.4871             nan     0.1000   63.0776
     2      709.7446             nan     0.1000   55.6493
     3      669.1238             nan     0.1000   31.9734
     4      617.2919             nan     0.1000   40.9971
     5      584.5391             nan     0.1000   30.8293
     6      547.5025             nan     0.1000   38.4480
     7      518.6895             nan     0.1000   23.8310
     8      488.9596             nan     0.1000   33.2499
     9      466.4346             nan     0.1000   17.3829
    10      450.0450             nan     0.1000   12.0266
    20      339.1126             nan     0.1000    1.9353
    40      248.9076             nan     0.1000   -1.5679
    60      219.2699             nan     0.1000    2.6905
    80      196.1982             nan     0.1000   -0.4454
   100      186.3575             nan     0.1000   -1.6799
   120      174.3714             nan     0.1000    0.7788
   140      165.4102             nan     0.1000   -0.2476
   150      160.9865             nan     0.1000    0.3719

Iter   TrainDeviance   ValidDeviance   StepSize   Improve
     1      684.5750             nan     0.1000   39.8356
     2      633.6494             nan     0.1000   36.1554
     3      593.2141             nan     0.1000   38.1172
     4      560.0957             nan     0.1000   34.5524
     5      526.3321             nan     0.1000   25.1485
     6      499.4461             nan     0.1000   21.6424
     7      475.4470             nan     0.1000   17.2996
     8      452.9122             nan     0.1000   18.0541
     9      432.2929             nan     0.1000   12.3431
    10      413.4306             nan     0.1000   20.5512
    20      309.5828             nan     0.1000    3.1444
    40      224.2804             nan     0.1000    0.2762
    60      196.7242             nan     0.1000    0.2160
    80      180.7880             nan     0.1000   -0.0953
   100      167.9976             nan     0.1000    0.4518
   120      157.5642             nan     0.1000   -1.0820
   140      150.7460             nan     0.1000    0.2729
   150      148.4671             nan     0.1000   -0.4627

There were 50 or more warnings (use warnings() to see the first 50)
> warnings()
Warning messages:
1: In gbm.fit(x = structure(c(0, 0, 0, 0, 0, 0, 0, 0, 0,  ... :
  variable 1: end_xEF-001 has no variation.
2: In gbm.fit(x = structure(c(0, 0, 0, 0, 0, 0, 0, 0, 0,  ... :
  variable 5: end_xEF-005 has no variation.
3: In gbm.fit(x = structure(c(0, 0, 0, 0, 0, 0, 0, 0, 0,  ... :
  variable 7: end_xEF-007 has no variation.
4: In gbm.fit(x = structure(c(0, 0, 0, 0, 0, 0, 0, 0, 0,  ... :
  variable 11: end_xEF-011 has no variation.
5: In gbm.fit(x = structure(c(0, 0, 0, 0, 0, 0, 0, 0, 0,  ... :
  variable 13: end_xEF-013 has no variation.
6: In gbm.fit(x = structure(c(0, 0, 0, 0, 0, 0, 0, 0, 0,  ... :
  variable 21: end_xEF-022 has no variation.
7: In gbm.fit(x = structure(c(0, 0, 0, 0, 0, 0, 0, 0, 0,  ... :
  variable 23: end_xNONE has no variation.
8: In gbm.fit(x = structure(c(0, 0, 0, 0, 0, 0, 0, 0, 0,  ... :
  variable 27: end_aEF-005 has no variation.
9: In gbm.fit(x = structure(c(0, 0, 0, 0, 0, 0, 0, 0, 0,  ... :
  variable 28: end_aEF-006 has no variation.
10: In gbm.fit(x = structure(c(0, 0, 0, 0, 0, 0, 0, 0, 0,  ... :
  variable 29: end_aEF-007 has no variation.
11: In gbm.fit(x = structure(c(0, 0, 0, 0, 0, 0, 0, 0, 0,  ... :
  variable 32: end_aEF-010 has no variation.
12: In gbm.fit(x = structure(c(0, 0, 0, 0, 0, 0, 0, 0, 0,  ... :
  variable 33: end_aEF-011 has no variation.
13: In gbm.fit(x = structure(c(0, 0, 0, 0, 0, 0, 0, 0, 0,  ... :
  variable 35: end_aEF-013 has no variation.
14: In gbm.fit(x = structure(c(0, 0, 0, 0, 0, 0, 0, 0, 0,  ... :
  variable 41: end_aEF-019 has no variation.
15: In gbm.fit(x = structure(c(0, 0, 0, 0, 0, 0, 0, 0, 0,  ... :
  variable 44: end_aEF-022 has no variation.
16: In gbm.fit(x = structure(c(0, 0, 0, 0, 0, 0, 0, 0, 0,  ... :
  variable 46: end_aEF-025 has no variation.
17: In gbm.fit(x = structure(c(0, 0, 0, 0, 0, 0, 0, 0, 0,  ... :
  variable 47: end_aNONE has no variation.
18: In gbm.fit(x = structure(c(0, 0, 0, 0, 0, 0, 0, 0, 0,  ... :
  variable 49: supplierS-0004 has no variation.
19: In gbm.fit(x = structure(c(0, 0, 0, 0, 0, 0, 0, 0, 0,  ... :
  variable 53: supplierS-0008 has no variation.
20: In gbm.fit(x = structure(c(0, 0, 0, 0, 0, 0, 0, 0, 0,  ... :
  variable 56: supplierS-0012 has no variation.
21: In gbm.fit(x = structure(c(0, 0, 0, 0, 0, 0, 0, 0, 0,  ... :
  variable 61: supplierS-0022 has no variation.
22: In gbm.fit(x = structure(c(0, 0, 0, 0, 0, 0, 0, 0, 0,  ... :
  variable 67: supplierS-0029 has no variation.
23: In gbm.fit(x = structure(c(0, 0, 0, 0, 0, 0, 0, 0, 0,  ... :
  variable 72: supplierS-0043 has no variation.
24: In gbm.fit(x = structure(c(0, 0, 0, 0, 0, 0, 0, 0, 0,  ... :
  variable 73: supplierS-0046 has no variation.
25: In gbm.fit(x = structure(c(0, 0, 0, 0, 0, 0, 0, 0, 0,  ... :
  variable 75: supplierS-0051 has no variation.
26: In gbm.fit(x = structure(c(0, 0, 0, 0, 0, 0, 0, 0, 0,  ... :
  variable 81: supplierS-0061 has no variation.
27: In gbm.fit(x = structure(c(0, 0, 0, 0, 0, 0, 0, 0, 0,  ... :
  variable 85: supplierS-0068 has no variation.
28: In gbm.fit(x = structure(c(0, 0, 0, 0, 0, 0, 0, 0, 0,  ... :
  variable 88: supplierS-0074 has no variation.
29: In gbm.fit(x = structure(c(0, 0, 0, 0, 0, 0, 0, 0, 0,  ... :
  variable 89: supplierS-0078 has no variation.
30: In gbm.fit(x = structure(c(0, 0, 0, 0, 0, 0, 0, 0, 0,  ... :
  variable 90: supplierS-0080 has no variation.
31: In gbm.fit(x = structure(c(0, 0, 0, 0, 0, 0, 0, 0, 0,  ... :
  variable 92: supplierS-0087 has no variation.
32: In gbm.fit(x = structure(c(0, 0, 0, 0, 0, 0, 0, 0, 0,  ... :
  variable 95: supplierS-0095 has no variation.
33: In gbm.fit(x = structure(c(0, 0, 0, 0, 0, 0, 0, 0, 0,  ... :
  variable 99: supplierS-0105 has no variation.
34: In gbm.fit(x = structure(c(0, 0, 0, 0, 0, 0, 0, 0, 0,  ... :
  variable 100: supplierS-0106 has no variation.
35: In gbm.fit(x = structure(c(0, 0, 0, 0, 0, 0, 0, 0, 0,  ... :
  variable 101: supplierS-0107 has no variation.
36: In gbm.fit(x = structure(c(0, 0, 0, 0, 0, 0, 0, 0, 0,  ... :
  variable 102: supplierS-0108 has no variation.
37: In gbm.fit(x = structure(c(0, 0, 0, 0, 0, 0, 0, 0, 0,  ... :
  variable 103: supplierS-0109 has no variation.
38: In gbm.fit(x = structure(c(0, 0, 0, 0, 0, 0, 0, 0, 0,  ... :
  variable 104: supplierS-0111 has no variation.
39: In gbm.fit(x = structure(c(0, 0, 0, 0, 0, 0, 0, 0, 0,  ... :
  variable 111: component_id_1C-0006 has no variation.
40: In gbm.fit(x = structure(c(0, 0, 0, 0, 0, 0, 0, 0, 0,  ... :
  variable 112: component_id_1C-0007 has no variation.
41: In gbm.fit(x = structure(c(0, 0, 0, 0, 0, 0, 0, 0, 0,  ... :
  variable 113: component_id_1C-0008 has no variation.
42: In gbm.fit(x = structure(c(0, 0, 0, 0, 0, 0, 0, 0, 0,  ... :
  variable 114: component_id_1C-0011 has no variation.
43: In gbm.fit(x = structure(c(0, 0, 0, 0, 0, 0, 0, 0, 0,  ... :
  variable 115: component_id_1C-0017 has no variation.
44: In gbm.fit(x = structure(c(0, 0, 0, 0, 0, 0, 0, 0, 0,  ... :
  variable 117: component_id_1C-0046 has no variation.
45: In gbm.fit(x = structure(c(0, 0, 0, 0, 0, 0, 0, 0, 0,  ... :
  variable 118: component_id_1C-0047 has no variation.
46: In gbm.fit(x = structure(c(0, 0, 0, 0, 0, 0, 0, 0, 0,  ... :
  variable 119: component_id_1C-0054 has no variation.
47: In gbm.fit(x = structure(c(0, 0, 0, 0, 0, 0, 0, 0, 0,  ... :
  variable 120: component_id_1C-0057 has no variation.
48: In gbm.fit(x = structure(c(0, 0, 0, 0, 0, 0, 0, 0, 0,  ... :
  variable 121: component_id_1C-0062 has no variation.
49: In gbm.fit(x = structure(c(0, 0, 0, 0, 0, 0, 0, 0, 0,  ... :
  variable 122: component_id_1C-0064 has no variation.
50: In gbm.fit(x = structure(c(0, 0, 0, 0, 0, 0, 0, 0, 0,  ... :
  variable 124: component_id_1C-0087 has no variation.
> 